#-----------------------------------------------------------
# Vivado v2019.2 (64-bit)
# SW Build 2708876 on Wed Nov  6 21:40:23 MST 2019
# IP Build 2700528 on Thu Nov  7 00:09:20 MST 2019
# Start of session at: Sat May 13 14:45:51 2023
# Process ID: 23264
# Current directory: C:/Users/pen/Desktop/FPGA/ALU
# Command line: vivado.exe -gui_launcher_event rodinguilauncherevent10692 C:\Users\pen\Desktop\FPGA\ALU\ALU.xpr
# Log file: C:/Users/pen/Desktop/FPGA/ALU/vivado.log
# Journal file: C:/Users/pen/Desktop/FPGA/ALU\vivado.jou
#-----------------------------------------------------------
start_gui
open_project C:/Users/pen/Desktop/FPGA/ALU/ALU.xpr
update_compile_order -fileset sources_1
launch_simulation
source ALU_tb.tcl
close_sim
launch_simulation
source ALU_tb.tcl
close_sim
launch_simulation
source ALU_tb.tcl
close_sim
launch_simulation
source ALU_tb.tcl
close_sim
launch_simulation
source ALU_tb.tcl
close_sim
launch_simulation
source ALU_tb.tcl
close_sim
launch_simulation
source ALU_tb.tcl
close_sim
launch_simulation
source ALU_tb.tcl
close_sim
launch_simulation
source ALU_tb.tcl
close_sim
